// Vitest Snapshot v1, https://vitest.dev/guide/snapshot.html

exports[`Item component > renders 1`] = `
<div>
  <div
    class="item"
  >
    <img
      alt="betta"
      src="file:///home/mateen/repos/shopping-cart/src/assets/betta.jpg"
    />
    <div
      class="desc"
    >
      <div
        class="name"
      >
        Betta
      </div>
      <div
        class="price"
      >
        $9.00
      </div>
      <button
        class="add"
      >
        Add
      </button>
    </div>
  </div>
</div>
`;
